// Vitest Snapshot v1, https://vitest.dev/guide/snapshot.html

exports[`config: eslintrc.test.json > Fixture: component > invalid > fixtures/component/invalid.js 1`] = `
"  ---
  message: Component should be written as a pure function
  severity: warning
  data:
    line: 3
    column: 8
    ruleId: react/prefer-stateless-function
  messages:
    - message: Useless constructor.
      severity: warning
      data:
        line: 4
        column: 2
        ruleId: no-useless-constructor
  ...
"
`;

exports[`config: eslintrc.test.json > Fixture: component > valid > fixtures/component/valid.js 1`] = `""`;

exports[`config: eslintrc.test.json > Fixture: hooks > invalid > fixtures/hooks/invalid.js 1`] = `
"  ---
  message: >-
    React Hook useCallback does nothing when called with only one argument. Did
    you forget to pass an array of dependencies?
  severity: warning
  data:
    line: 5
    column: 20
    ruleId: react-hooks/exhaustive-deps
  messages:
    - message: >-
        React Hook useEffect has a missing dependency: 'value'. Either include it
        or remove the dependency array.
      severity: warning
      data:
        line: 9
        column: 5
        ruleId: react-hooks/exhaustive-deps
  ...
"
`;

exports[`config: eslintrc.test.json > Fixture: hooks > valid > fixtures/hooks/valid.js 1`] = `""`;
